 Dies ist der dritte trans-Block mit mehreren Zeilen in der Quelle und eine umbenannte Variable drin und Kommentar des Ãœbersetzers, die in der Ausgabe nicht hier erscheinen soll. Hier ist der Name der Seite: Test page 
