Dies ist eine trans-Tag mit einem Ausgangssatz und einem Ãœbersetzer Kommentar
