 Dies ist Text innerhalb eines trans-Blocks. Es ist sehr lang und tückisch und es spannt mehrere Zeilen in der Quelle über. 
