
<div>
   Untranslated string with Ausgangssatz. in the middle.
</div>
