 Dies ist eine blocktrans Block mit einem eindeutigen SchlÃ¼ssel. 
