Dies ist eine trans-Tag mit einem Interpolated Variable in die Mitte davon gesetzt.
