Dies ist eine trans-Tag mit einem eindeutigen SchlÃ¼ssel
