 Dies ist der vierte trans-Block mit mehreren Zeilen in der Quelle und dem Kommentar des Ãœbersetzers, die in der Ausgabe nicht erscheinen soll. 
