 Dies ist der zweite trans-Block mit mehreren Linien in der Quelle und einem umbenannten Variable darin. Hier ist der Name der Seite: Test page 
